|---------------------------------------------------------------------------------------|
|                                                                                       |
|  NAME          UNIT COST          INDIVIDUAL TAX          AMOUNT          TOTAL COST  |
|                                                                                       |
|  STUFF0        $457.00            37.00%                  577 UNITS       $361253.93  |
|  STUFF1        $727.00            75.00%                  60 UNITS        $76335.00   |
|  STUFF2        $412.00            57.00%                  524 UNITS       $338944.16  |
|  STUFF3        $502.00            31.00%                  482 UNITS       $316972.84  |
|  STUFF4        $238.00            67.00%                  353 UNITS       $140303.38  |
|  STUFF5        $411.00            97.00%                  495 UNITS       $400786.65  |
|  STUFF6        $657.00            88.00%                  439 UNITS       $542235.24  |
|  STUFF7        $312.00            35.00%                  59 UNITS        $24850.80   |
|  STUFF8        $399.00            93.00%                  21 UNITS        $16171.47   |
|  STUFF9        $94.00             90.00%                  581 UNITS       $103766.60  |
|  STUFF10       $978.00            49.00%                  649 UNITS       $945735.78  |
|  STUFF11       $207.00            69.00%                  238 UNITS       $83259.54   |
|  STUFF12       $606.00            12.00%                  780 UNITS       $529401.60  |
|  STUFF13       $558.00            66.00%                  943 UNITS       $873482.04  |
|  STUFF14       $776.00            82.00%                  427 UNITS       $603060.64  |
|  STUFF15       $900.00            81.00%                  748 UNITS       $1218492.00 |
|  STUFF16       $296.00            20.00%                  6 UNITS         $2131.20    |
|  STUFF17       $235.00            80.00%                  967 UNITS       $409041.00  |
|  STUFF18       $675.00            27.00%                  926 UNITS       $793813.50  |
|  STUFF19       $436.00            44.00%                  520 UNITS       $326476.80  |
|  STUFF20       $398.00            34.00%                  745 UNITS       $397323.40  |
|  STUFF21       $257.00            21.00%                  17 UNITS        $5286.49    |
|  STUFF22       $944.00            27.00%                  783 UNITS       $938723.04  |
|  STUFF23       $335.00            50.00%                  146 UNITS       $73365.00   |
|  STUFF24       $281.00            82.00%                  385 UNITS       $196896.70  |
|  STUFF25       $533.00            68.00%                  178 UNITS       $159388.32  |
|  STUFF26       $927.00            80.00%                  506 UNITS       $844311.60  |
|  STUFF27       $32.00             22.00%                  294 UNITS       $11477.76   |
|  STUFF28       $192.00            98.00%                  418 UNITS       $158906.88  |
|  STUFF29       $366.00            42.00%                  463 UNITS       $240630.36  |
|  STUFF30       $100.00            81.00%                  542 UNITS       $98102.00   |
|  STUFF31       $156.00            62.00%                  543 UNITS       $137226.96  |
|  STUFF32       $519.00            78.00%                  139 UNITS       $128410.98  |
|  STUFF33       $244.00            56.00%                  523 UNITS       $199074.72  |
|  STUFF34       $618.00            25.00%                  316 UNITS       $244110.00  |
|  STUFF35       $380.00            95.00%                  252 UNITS       $186732.00  |
|  STUFF36       $59.00             20.00%                  377 UNITS       $26691.60   |
|  STUFF37       $373.00            36.00%                  678 UNITS       $343935.84  |
|  STUFF38       $573.00            1.00%                   972 UNITS       $562525.56  |
|  STUFF39       $253.00            59.00%                  71 UNITS        $28561.17   |
|  STUFF40       $756.00            32.00%                  406 UNITS       $405155.52  |
|  STUFF41       $272.00            88.00%                  373 UNITS       $190737.28  |
|  STUFF42       $647.00            80.00%                  937 UNITS       $1091230.20 |
|  STUFF43       $931.00            6.00%                   405 UNITS       $399678.30  |
|  STUFF44       $251.00            100.00%                 681 UNITS       $341862.00  |
|  STUFF45       $396.00            6.00%                   858 UNITS       $360154.08  |
|  STUFF46       $159.00            82.00%                  443 UNITS       $128195.34  |
|  STUFF47       $854.00            62.00%                  347 UNITS       $480067.56  |
|  STUFF48       $452.00            65.00%                  455 UNITS       $339339.00  |
|  STUFF49       $868.00            83.00%                  978 UNITS       $1553494.32 |
|  STUFF50       $823.00            52.00%                  44 UNITS        $55042.24   |
|  STUFF51       $269.00            17.00%                  900 UNITS       $283257.00  |
|  STUFF52       $938.00            22.00%                  527 UNITS       $603077.72  |
|  STUFF53       $605.00            53.00%                  78 UNITS        $72200.70   |
|  STUFF54       $304.00            78.00%                  497 UNITS       $268936.64  |
|  STUFF55       $992.00            89.00%                  523 UNITS       $980562.24  |
|  STUFF56       $602.00            56.00%                  949 UNITS       $891224.88  |
|  STUFF57       $819.00            23.00%                  896 UNITS       $902603.52  |
|  STUFF58       $951.00            8.00%                   563 UNITS       $578246.04  |
|  STUFF59       $414.00            28.00%                  803 UNITS       $425525.76  |
|  STUFF60       $951.00            64.00%                  434 UNITS       $676883.76  |
|  STUFF61       $414.00            65.00%                  703 UNITS       $480219.30  |
|  STUFF62       $782.00            44.00%                  386 UNITS       $434666.88  |
|  STUFF63       $759.00            43.00%                  805 UNITS       $873722.85  |
|  STUFF64       $931.00            34.00%                  93 UNITS        $116021.22  |
|  STUFF65       $407.00            67.00%                  574 UNITS       $390142.06  |
|  STUFF66       $346.00            84.00%                  188 UNITS       $119688.32  |
|  STUFF67       $444.00            100.00%                 110 UNITS       $97680.00   |
|  STUFF68       $431.00            66.00%                  760 UNITS       $543749.60  |
|  STUFF69       $579.00            56.00%                  339 UNITS       $306198.36  |
|  STUFF70       $224.00            62.00%                  275 UNITS       $99792.00   |
|  STUFF71       $14.00             51.00%                  4 UNITS         $84.56      |
|  STUFF72       $997.00            87.00%                  876 UNITS       $1633205.64 |
|  STUFF73       $394.00            20.00%                  380 UNITS       $179664.00  |
|  STUFF74       $345.00            44.00%                  818 UNITS       $406382.40  |
|  STUFF75       $520.00            82.00%                  638 UNITS       $603803.20  |
|  STUFF76       $470.00            63.00%                  543 UNITS       $415992.30  |
|  STUFF77       $279.00            35.00%                  791 UNITS       $297930.15  |
|  STUFF78       $279.00            27.00%                  106 UNITS       $37558.98   |
|  STUFF79       $729.00            49.00%                  281 UNITS       $305225.01  |
|  STUFF80       $135.00            13.00%                  184 UNITS       $28069.20   |
|  STUFF81       $422.00            37.00%                  994 UNITS       $574671.16  |
|  STUFF82       $959.00            75.00%                  380 UNITS       $637735.00  |
|  STUFF83       $9.00              2.00%                   403 UNITS       $3699.54    |
|  STUFF84       $81.00             48.00%                  279 UNITS       $33446.52   |
|  STUFF85       $834.00            83.00%                  693 UNITS       $1057670.46 |
|  STUFF86       $88.00             20.00%                  502 UNITS       $53011.20   |
|  STUFF87       $1.00              62.00%                  494 UNITS       $800.28     |
|  STUFF88       $310.00            82.00%                  309 UNITS       $174337.80  |
|  STUFF89       $177.00            60.00%                  151 UNITS       $42763.20   |
|  STUFF90       $331.00            24.00%                  118 UNITS       $48431.92   |
|  STUFF91       $509.00            26.00%                  395 UNITS       $253329.30  |
|  STUFF92       $548.00            39.00%                  174 UNITS       $132539.28  |
|  STUFF93       $795.00            29.00%                  286 UNITS       $293307.30  |
|  STUFF94       $24.00             12.00%                  377 UNITS       $10133.76   |
|  STUFF95       $272.00            84.00%                  62 UNITS        $31029.76   |
|  STUFF96       $297.00            25.00%                  727 UNITS       $269898.75  |
|  STUFF97       $234.00            19.00%                  917 UNITS       $255347.82  |
|  STUFF98       $919.00            31.00%                  23 UNITS        $27689.47   |
|  STUFF99       $189.00            69.00%                  261 UNITS       $83366.01   |
|  STUFF100      $129.00            4.00%                   241 UNITS       $32332.56   |
|  STUFF101      $13.00             44.00%                  605 UNITS       $11325.60   |
|  STUFF102      $152.00            60.00%                  802 UNITS       $195046.40  |
|  STUFF103      $890.00            25.00%                  187 UNITS       $208037.50  |
|  STUFF104      $981.00            79.00%                  855 UNITS       $1501371.45 |
|  STUFF105      $214.00            89.00%                  476 UNITS       $192522.96  |
|  STUFF106      $669.00            47.00%                  30 UNITS        $29502.90   |
|  STUFF107      $248.00            93.00%                  67 UNITS        $32068.88   |
|  STUFF108      $2.00              72.00%                  817 UNITS       $2810.48    |
|  STUFF109      $585.00            20.00%                  768 UNITS       $539136.00  |
|  STUFF110      $960.00            26.00%                  198 UNITS       $239500.80  |
|  STUFF111      $205.00            89.00%                  772 UNITS       $299111.40  |
|  STUFF112      $490.00            18.00%                  650 UNITS       $375830.00  |
|  STUFF113      $515.00            62.00%                  627 UNITS       $523106.10  |
|  STUFF114      $469.00            64.00%                  898 UNITS       $690705.68  |
|  STUFF115      $640.00            41.00%                  536 UNITS       $483686.40  |
|  STUFF116      $78.00             54.00%                  81 UNITS        $9729.72    |
|  STUFF117      $552.00            18.00%                  329 UNITS       $214297.44  |
|  STUFF118      $402.00            95.00%                  974 UNITS       $763518.60  |
|  STUFF119      $772.00            46.00%                  181 UNITS       $204008.72  |
|  STUFF120      $818.00            30.00%                  336 UNITS       $357302.40  |
|  STUFF121      $467.00            80.00%                  118 UNITS       $99190.80   |
|  STUFF122      $133.00            62.00%                  524 UNITS       $112901.04  |
|  STUFF123      $824.00            17.00%                  370 UNITS       $356709.60  |
|  STUFF124      $387.00            84.00%                  190 UNITS       $135295.20  |
|  STUFF125      $63.00             69.00%                  717 UNITS       $76338.99   |
|  STUFF126      $633.00            87.00%                  486 UNITS       $575283.06  |
|  STUFF127      $763.00            11.00%                  226 UNITS       $191406.18  |
|  STUFF128      $510.00            90.00%                  477 UNITS       $462213.00  |
|  STUFF129      $591.00            37.00%                  204 UNITS       $165172.68  |
|  STUFF130      $378.00            91.00%                  360 UNITS       $259912.80  |
|  STUFF131      $95.00             7.00%                   663 UNITS       $67393.95   |
|  STUFF132      $691.00            79.00%                  728 UNITS       $900455.92  |
|  STUFF133      $149.00            12.00%                  357 UNITS       $59576.16   |
|  STUFF134      $967.00            9.00%                   730 UNITS       $769441.90  |
|  STUFF135      $818.00            14.00%                  373 UNITS       $347829.96  |
|  STUFF136      $411.00            45.00%                  862 UNITS       $513708.90  |
|  STUFF137      $728.00            44.00%                  17 UNITS        $17821.44   |
|  STUFF138      $691.00            60.00%                  865 UNITS       $956344.00  |
|  STUFF139      $251.00            100.00%                 522 UNITS       $262044.00  |
|  STUFF140      $479.00            76.00%                  544 UNITS       $458613.76  |
|  STUFF141      $647.00            74.00%                  414 UNITS       $466072.92  |
|  STUFF142      $701.00            20.00%                  9 UNITS         $7570.80    |
|  STUFF143      $445.00            95.00%                  218 UNITS       $189169.50  |
|  STUFF144      $640.00            35.00%                  570 UNITS       $492480.00  |
|  STUFF145      $385.00            10.00%                  462 UNITS       $195657.00  |
|  STUFF146      $441.00            56.00%                  280 UNITS       $192628.80  |
|  STUFF147      $981.00            87.00%                  853 UNITS       $1564802.91 |
|  STUFF148      $976.00            70.00%                  929 UNITS       $1541396.80 |
|  STUFF149      $279.00            96.00%                  146 UNITS       $79838.64   |
|  STUFF150      $465.00            50.00%                  774 UNITS       $539865.00  |
|  STUFF151      $237.00            23.00%                  720 UNITS       $209887.20  |
|  STUFF152      $739.00            71.00%                  217 UNITS       $274220.73  |
|  STUFF153      $475.00            28.00%                  663 UNITS       $403104.00  |
|  STUFF154      $432.00            8.00%                   64 UNITS        $29859.84   |
|  STUFF155      $752.00            91.00%                  253 UNITS       $363388.96  |
|  STUFF156      $811.00            59.00%                  615 UNITS       $793036.35  |
|  STUFF157      $672.00            70.00%                  907 UNITS       $1036156.80 |
|  STUFF158      $910.00            34.00%                  515 UNITS       $627991.00  |
|  STUFF159      $228.00            53.00%                  477 UNITS       $166396.68  |
|  STUFF160      $993.00            68.00%                  915 UNITS       $1526439.60 |
|  STUFF161      $843.00            43.00%                  571 UNITS       $688334.79  |
|  STUFF162      $210.00            97.00%                  908 UNITS       $375639.60  |
|  STUFF163      $895.00            59.00%                  804 UNITS       $1144132.20 |
|  STUFF164      $333.00            28.00%                  678 UNITS       $288990.72  |
|  STUFF165      $420.00            54.00%                  167 UNITS       $108015.60  |
|  STUFF166      $859.00            1.00%                   686 UNITS       $595166.74  |
|  STUFF167      $674.00            14.00%                  595 UNITS       $457174.20  |
|  STUFF168      $503.00            77.00%                  602 UNITS       $535966.62  |
|  STUFF169      $214.00            86.00%                  516 UNITS       $205388.64  |
|  STUFF170      $738.00            46.00%                  666 UNITS       $717601.68  |
|  STUFF171      $83.00             69.00%                  748 UNITS       $104921.96  |
|  STUFF172      $537.00            78.00%                  728 UNITS       $695866.08  |
|  STUFF173      $506.00            25.00%                  450 UNITS       $284625.00  |
|  STUFF174      $607.00            71.00%                  44 UNITS        $45670.68   |
|  STUFF175      $808.00            5.00%                   472 UNITS       $400444.80  |
|  STUFF176      $188.00            20.00%                  608 UNITS       $137164.80  |
|  STUFF177      $556.00            62.00%                  105 UNITS       $94575.60   |
|  STUFF178      $158.00            9.00%                   529 UNITS       $91104.38   |
|  STUFF179      $160.00            66.00%                  110 UNITS       $29216.00   |
|  STUFF180      $82.00             95.00%                  112 UNITS       $17908.80   |
|  STUFF181      $834.00            46.00%                  933 UNITS       $1136058.12 |
|  STUFF182      $448.00            58.00%                  239 UNITS       $169173.76  |
|  STUFF183      $486.00            79.00%                  953 UNITS       $829052.82  |
|  STUFF184      $275.00            11.00%                  828 UNITS       $252747.00  |
|  STUFF185      $317.00            10.00%                  54 UNITS        $18829.80   |
|  STUFF186      $443.00            38.00%                  609 UNITS       $372306.06  |
|  STUFF187      $327.00            98.00%                  445 UNITS       $288119.70  |
|  STUFF188      $639.00            25.00%                  515 UNITS       $411356.25  |
|  STUFF189      $910.00            31.00%                  759 UNITS       $904803.90  |
|  STUFF190      $712.00            38.00%                  306 UNITS       $300663.36  |
|  STUFF191      $531.00            7.00%                   235 UNITS       $133519.95  |
|  STUFF192      $997.00            61.00%                  634 UNITS       $1017677.78 |
|  STUFF193      $437.00            70.00%                  854 UNITS       $634436.60  |
|  STUFF194      $247.00            71.00%                  97 UNITS        $40969.89   |
|  STUFF195      $905.00            71.00%                  313 UNITS       $484383.15  |
|  STUFF196      $477.00            97.00%                  628 UNITS       $590125.32  |
|  STUFF197      $35.00             79.00%                  414 UNITS       $25937.10   |
|  STUFF198      $123.00            55.00%                  134 UNITS       $25547.10   |
|  STUFF199      $282.00            65.00%                  900 UNITS       $418770.00  |
|  STUFF200      $451.00            46.00%                  159 UNITS       $104695.14  |
|  STUFF201      $171.00            37.00%                  962 UNITS       $225367.74  |
|  STUFF202      $162.00            93.00%                  575 UNITS       $179779.50  |
|  STUFF203      $590.00            77.00%                  971 UNITS       $1014015.30 |
|  STUFF204      $45.00             78.00%                  817 UNITS       $65441.70   |
|  STUFF205      $852.00            94.00%                  663 UNITS       $1095859.44 |
|  STUFF206      $51.00             33.00%                  828 UNITS       $56163.24   |
|  STUFF207      $611.00            62.00%                  595 UNITS       $588942.90  |
|  STUFF208      $798.00            99.00%                  554 UNITS       $879763.08  |
|  STUFF209      $816.00            9.00%                   353 UNITS       $313972.32  |
|  STUFF210      $506.00            81.00%                  984 UNITS       $901206.24  |
|  STUFF211      $76.00             48.00%                  920 UNITS       $103481.60  |
|  STUFF212      $779.00            99.00%                  19 UNITS        $29453.99   |
|  STUFF213      $864.00            95.00%                  167 UNITS       $281361.60  |
|  STUFF214      $813.00            20.00%                  454 UNITS       $442922.40  |
|  STUFF215      $25.00             16.00%                  592 UNITS       $17168.00   |
|  STUFF216      $403.00            54.00%                  862 UNITS       $534974.44  |
|  STUFF217      $707.00            77.00%                  134 UNITS       $167686.26  |
|  STUFF218      $562.00            38.00%                  566 UNITS       $438966.96  |
|  STUFF219      $758.00            23.00%                  186 UNITS       $173415.24  |
|  STUFF220      $927.00            22.00%                  340 UNITS       $384519.60  |
|  STUFF221      $187.00            26.00%                  384 UNITS       $90478.08   |
|  STUFF222      $784.00            29.00%                  481 UNITS       $486464.16  |
|  STUFF223      $773.00            87.00%                  880 UNITS       $1272048.80 |
|  STUFF224      $131.00            50.00%                  906 UNITS       $178029.00  |
|  STUFF225      $336.00            99.00%                  548 UNITS       $366414.72  |
|  STUFF226      $91.00             36.00%                  233 UNITS       $28836.08   |
|  STUFF227      $269.00            59.00%                  20 UNITS        $8554.20    |
|  STUFF228      $936.00            80.00%                  146 UNITS       $245980.80  |
|  STUFF229      $391.00            45.00%                  255 UNITS       $144572.25  |
|  STUFF230      $626.00            85.00%                  757 UNITS       $876681.70  |
|  STUFF231      $928.00            39.00%                  702 UNITS       $905523.84  |
|  STUFF232      $930.00            46.00%                  942 UNITS       $1279047.60 |
|  STUFF233      $7.00              5.00%                   371 UNITS       $2726.85    |
|  STUFF234      $218.00            73.00%                  264 UNITS       $99564.96   |
|  STUFF235      $895.00            16.00%                  865 UNITS       $898043.00  |
|  STUFF236      $541.00            83.00%                  407 UNITS       $402942.21  |
|  STUFF237      $901.00            53.00%                  540 UNITS       $744406.20  |
|  STUFF238      $690.00            20.00%                  185 UNITS       $153180.00  |
|  STUFF239      $717.00            69.00%                  946 UNITS       $1146296.58 |
|  STUFF240      $279.00            39.00%                  541 UNITS       $209805.21  |
|  STUFF241      $928.00            62.00%                  596 UNITS       $896002.56  |
|  STUFF242      $845.00            83.00%                  690 UNITS       $1066981.50 |
|  STUFF243      $618.00            24.00%                  805 UNITS       $616887.60  |
|  STUFF244      $205.00            36.00%                  864 UNITS       $240883.20  |
|  STUFF245      $109.00            38.00%                  574 UNITS       $86341.08   |
|  STUFF246      $586.00            68.00%                  19 UNITS        $18705.12   |
|  STUFF247      $282.00            60.00%                  187 UNITS       $84374.40   |
|  STUFF248      $577.00            28.00%                  846 UNITS       $624821.76  |
|  STUFF249      $558.00            79.00%                  106 UNITS       $105874.92  |
|  STUFF250      $410.00            13.00%                  896 UNITS       $415116.80  |
|  STUFF251      $146.00            86.00%                  340 UNITS       $92330.40   |
|  STUFF252      $655.00            69.00%                  555 UNITS       $614357.25  |
|  STUFF253      $513.00            40.00%                  959 UNITS       $688753.80  |
|  STUFF254      $248.00            32.00%                  438 UNITS       $143383.68  |
|  STUFF255      $363.00            9.00%                   502 UNITS       $198626.34  |
|  STUFF256      $519.00            20.00%                  639 UNITS       $397969.20  |
|  STUFF257      $437.00            27.00%                  855 UNITS       $474516.45  |
|  STUFF258      $24.00             37.00%                  422 UNITS       $13875.36   |
|  STUFF259      $952.00            82.00%                  96 UNITS        $166333.44  |
|  STUFF260      $665.00            82.00%                  142 UNITS       $171862.60  |
|  STUFF261      $926.00            95.00%                  452 UNITS       $816176.40  |
|  STUFF262      $87.00             82.00%                  426 UNITS       $67452.84   |
|  STUFF263      $644.00            12.00%                  699 UNITS       $504174.72  |
|  STUFF264      $944.00            2.00%                   717 UNITS       $690384.96  |
|  STUFF265      $548.00            1.00%                   257 UNITS       $142244.36  |
|  STUFF266      $45.00             40.00%                  636 UNITS       $40068.00   |
|  STUFF267      $703.00            12.00%                  618 UNITS       $486588.48  |
|  STUFF268      $704.00            34.00%                  467 UNITS       $440549.12  |
|  STUFF269      $770.00            13.00%                  762 UNITS       $663016.20  |
|  STUFF270      $234.00            25.00%                  50 UNITS        $14625.00   |
|  STUFF271      $760.00            28.00%                  364 UNITS       $354099.20  |
|  STUFF272      $768.00            72.00%                  541 UNITS       $714639.36  |
|  STUFF273      $789.00            19.00%                  569 UNITS       $534239.79  |
|  STUFF274      $100.00            20.00%                  811 UNITS       $97320.00   |
|  STUFF275      $611.00            73.00%                  485 UNITS       $512659.55  |
|  STUFF276      $805.00            50.00%                  632 UNITS       $763140.00  |
|  STUFF277      $459.00            70.00%                  580 UNITS       $452574.00  |
|  STUFF278      $914.00            93.00%                  28 UNITS        $49392.56   |
|  STUFF279      $750.00            42.00%                  158 UNITS       $168270.00  |
|  STUFF280      $292.00            22.00%                  425 UNITS       $151402.00  |
|  STUFF281      $140.00            61.00%                  698 UNITS       $157329.20  |
|  STUFF282      $820.00            45.00%                  526 UNITS       $625414.00  |
|  STUFF283      $94.00             29.00%                  895 UNITS       $108527.70  |
|  STUFF284      $439.00            83.00%                  400 UNITS       $321348.00  |
|  STUFF285      $17.00             42.00%                  887 UNITS       $21412.18   |
|  STUFF286      $570.00            90.00%                  105 UNITS       $113715.00  |
|  STUFF287      $93.00             29.00%                  351 UNITS       $42109.47   |
|                                                                                       |
|  SUBTOTAL: $108643251.10                                                              |
|  SALES TAX: 4.00%                                                                     |
|                                                                                       |
|  TOTAL: $112988981.14                                                                 |
|                                                                                       |
|  HATORI HANZO CANDIES                                                                 |
|---------------------------------------------------------------------------------------|
