|---------------------------------------------------------------------------------------|
|                                                                                       |
|  NAME          UNIT COST          INDIVIDUAL TAX          AMOUNT          TOTAL COST  |
|                                                                                       |
|  STUFF0        $92.00             64.00%                  517 UNITS       $78004.96   |
|  STUFF1        $29.00             75.00%                  822 UNITS       $41716.50   |
|  STUFF2        $268.00            9.00%                   702 UNITS       $205068.24  |
|  STUFF3        $237.00            44.00%                  298 UNITS       $101701.44  |
|  STUFF4        $536.00            76.00%                  676 UNITS       $637711.36  |
|  STUFF5        $779.00            8.00%                   107 UNITS       $90021.24   |
|  STUFF6        $843.00            16.00%                  533 UNITS       $521210.04  |
|  STUFF7        $342.00            38.00%                  77 UNITS        $36340.92   |
|  STUFF8        $395.00            34.00%                  193 UNITS       $102154.90  |
|  STUFF9        $967.00            1.00%                   503 UNITS       $491265.01  |
|  STUFF10       $997.00            80.00%                  865 UNITS       $1552329.00 |
|  STUFF11       $571.00            82.00%                  151 UNITS       $156922.22  |
|  STUFF12       $728.00            89.00%                  319 UNITS       $438918.48  |
|  STUFF13       $596.00            92.00%                  837 UNITS       $957795.84  |
|  STUFF14       $850.00            70.00%                  739 UNITS       $1067855.00 |
|  STUFF15       $295.00            45.00%                  867 UNITS       $370859.25  |
|  STUFF16       $896.00            64.00%                  17 UNITS        $24980.48   |
|  STUFF17       $292.00            4.00%                   755 UNITS       $229278.40  |
|  STUFF18       $593.00            52.00%                  604 UNITS       $544421.44  |
|  STUFF19       $983.00            12.00%                  767 UNITS       $844436.32  |
|  STUFF20       $897.00            17.00%                  491 UNITS       $515299.59  |
|  STUFF21       $902.00            8.00%                   537 UNITS       $523123.92  |
|  STUFF22       $540.00            52.00%                  123 UNITS       $100958.40  |
|  STUFF23       $834.00            18.00%                  957 UNITS       $941802.84  |
|  STUFF24       $701.00            69.00%                  189 UNITS       $223906.41  |
|  STUFF25       $771.00            87.00%                  168 UNITS       $242217.36  |
|  STUFF26       $786.00            66.00%                  777 UNITS       $1013798.52 |
|  STUFF27       $534.00            79.00%                  225 UNITS       $215068.50  |
|  STUFF28       $739.00            90.00%                  362 UNITS       $508284.20  |
|  STUFF29       $634.00            4.00%                   718 UNITS       $473420.48  |
|  STUFF30       $499.00            52.00%                  118 UNITS       $89500.64   |
|  STUFF31       $524.00            85.00%                  34 UNITS        $32959.60   |
|  STUFF32       $686.00            8.00%                   391 UNITS       $289684.08  |
|  STUFF33       $840.00            41.00%                  666 UNITS       $788810.40  |
|  STUFF34       $657.00            28.00%                  680 UNITS       $571852.80  |
|  STUFF35       $482.00            23.00%                  780 UNITS       $462430.80  |
|  STUFF36       $985.00            10.00%                  521 UNITS       $564503.50  |
|  STUFF37       $327.00            82.00%                  885 UNITS       $526698.90  |
|  STUFF38       $757.00            53.00%                  181 UNITS       $209636.01  |
|  STUFF39       $478.00            24.00%                  376 UNITS       $222862.72  |
|  STUFF40       $126.00            13.00%                  764 UNITS       $108778.32  |
|  STUFF41       $229.00            12.00%                  609 UNITS       $156196.32  |
|  STUFF42       $485.00            75.00%                  705 UNITS       $598368.75  |
|  STUFF43       $478.00            44.00%                  665 UNITS       $457732.80  |
|  STUFF44       $974.00            8.00%                   902 UNITS       $948831.84  |
|  STUFF45       $702.00            50.00%                  637 UNITS       $670761.00  |
|  STUFF46       $612.00            28.00%                  627 UNITS       $491166.72  |
|  STUFF47       $235.00            39.00%                  37 UNITS        $12086.05   |
|  STUFF48       $736.00            13.00%                  287 UNITS       $238692.16  |
|  STUFF49       $144.00            51.00%                  3 UNITS         $652.32     |
|  STUFF50       $599.00            21.00%                  384 UNITS       $278319.36  |
|  STUFF51       $850.00            75.00%                  895 UNITS       $1331312.50 |
|  STUFF52       $947.00            62.00%                  106 UNITS       $162618.84  |
|  STUFF53       $331.00            51.00%                  854 UNITS       $426837.74  |
|  STUFF54       $927.00            12.00%                  511 UNITS       $530540.64  |
|  STUFF55       $247.00            73.00%                  709 UNITS       $302962.79  |
|  STUFF56       $452.00            84.00%                  147 UNITS       $122256.96  |
|  STUFF57       $79.00             9.00%                   949 UNITS       $81718.39   |
|  STUFF58       $516.00            6.00%                   921 UNITS       $503750.16  |
|  STUFF59       $54.00             57.00%                  672 UNITS       $56972.16   |
|  STUFF60       $796.00            21.00%                  831 UNITS       $800385.96  |
|  STUFF61       $547.00            66.00%                  957 UNITS       $868975.14  |
|  STUFF62       $986.00            13.00%                  648 UNITS       $721988.64  |
|  STUFF63       $497.00            58.00%                  95 UNITS        $74599.70   |
|  STUFF64       $580.00            43.00%                  145 UNITS       $120263.00  |
|  STUFF65       $18.00             44.00%                  887 UNITS       $22991.04   |
|  STUFF66       $768.00            93.00%                  342 UNITS       $506926.08  |
|  STUFF67       $378.00            15.00%                  208 UNITS       $90417.60   |
|  STUFF68       $747.00            39.00%                  9 UNITS         $9344.97    |
|  STUFF69       $682.00            40.00%                  900 UNITS       $859320.00  |
|  STUFF70       $853.00            60.00%                  645 UNITS       $880296.00  |
|  STUFF71       $16.00             58.00%                  997 UNITS       $25204.16   |
|  STUFF72       $43.00             65.00%                  378 UNITS       $26819.10   |
|                                                                                       |
|  SUBTOTAL: $29497897.92                                                               |
|  SALES TAX: 2.00%                                                                     |
|                                                                                       |
|  TOTAL: $30087855.88                                                                  |
|                                                                                       |
|  HATORI HANZO CANDIES                                                                 |
|---------------------------------------------------------------------------------------|
