The shortest path has length 34
The shortest path has length 8
The shortest path has length 28
The shortest path has length 52
The shortest path has length 32
The shortest path has length 38
The shortest path has length 70
The shortest path has length 72
The shortest path has length 50
The shortest path has length 72
The shortest path has length 30
The shortest path has length 62
The shortest path has length 50
The shortest path has length 50
The shortest path has length 26
