The shortest path has length 44
The shortest path has length 76
The shortest path has length 50
The shortest path has length 82
The shortest path has length 76
The shortest path has length 56
The shortest path has length 66
The shortest path has length 68
The shortest path has length 82
The shortest path has length 64
